Generating 27 card archetypes -> /Users/lukaszbartoszcze/work/simple-rts-unity/web/art/cards
[gen 1] sword: a heroic medieval longsword, polished steel blade with central fuller,...
[FAIL 367.9s] sword: fetch failed [cause: SocketError: other side closed]
[gen 2] sword: a heroic medieval longsword, polished steel blade with central fuller,...
[FAIL 1.3s] sword: ComfyUI workflow error: Bad Gateway - {"error": "ComfyUI submit failed: <urlopen error [Errno 111] Connection refused>"}
[gen 1] darksword: a cursed black greatsword, jagged dark blade etched with violet runes,...
[FAIL 0.3s] darksword: ComfyUI workflow error: Bad Gateway - {"error": "ComfyUI submit failed: <urlopen error [Errno 111] Connection refused>"}
[gen 2] darksword: a cursed black greatsword, jagged dark blade etched with violet runes,...
[FAIL 0.1s] darksword: ComfyUI workflow error: Bad Gateway - {"error": "ComfyUI submit failed: <urlopen error [Errno 111] Connection refused>"}
[gen 1] shield: a heater knight shield, polished steel face with golden cross emblem a...
[FAIL 0.2s] shield: ComfyUI workflow error: Bad Gateway - {"error": "ComfyUI submit failed: <urlopen error [Errno 111] Connection refused>"}
[gen 2] shield: a heater knight shield, polished steel face with golden cross emblem a...
[FAIL 0.1s] shield: ComfyUI workflow error: Bad Gateway - {"error": "ComfyUI submit failed: <urlopen error [Errno 111] Connection refused>"}
[gen 1] bow: an elven recurve longbow, polished yew wood with silver leaf inlay, ta...
[FAIL 0.2s] bow: ComfyUI workflow error: Bad Gateway - {"error": "ComfyUI submit failed: <urlopen error [Errno 111] Connection refused>"}
[gen 2] bow: an elven recurve longbow, polished yew wood with silver leaf inlay, ta...
[FAIL 0.2s] bow: ComfyUI workflow error: Bad Gateway - {"error": "ComfyUI submit failed: <urlopen error [Errno 111] Connection refused>"}
[gen 1] axe: a heavy dwarven battle axe, broad curved steel head with gold runes et...
[FAIL 0.1s] axe: ComfyUI workflow error: Bad Gateway - {"error": "ComfyUI submit failed: <urlopen error [Errno 111] Connection refused>"}
[gen 2] axe: a heavy dwarven battle axe, broad curved steel head with gold runes et...
[FAIL 0.1s] axe: ComfyUI workflow error: Bad Gateway - {"error": "ComfyUI submit failed: <urlopen error [Errno 111] Connection refused>"}
[gen 1] hammer: a massive dwarven warhammer, square iron head with gold-trimmed sides ...
[FAIL 0.2s] hammer: ComfyUI workflow error: Bad Gateway - {"error": "ComfyUI submit failed: <urlopen error [Errno 111] Connection refused>"}
[gen 2] hammer: a massive dwarven warhammer, square iron head with gold-trimmed sides ...
[FAIL 0.2s] hammer: ComfyUI workflow error: Bad Gateway - {"error": "ComfyUI submit failed: <urlopen error [Errno 111] Connection refused>"}
[gen 1] spear: a polished steel spear, leaf-shaped blade, oak shaft bound with leathe...
[FAIL 0.2s] spear: ComfyUI workflow error: Bad Gateway - {"error": "ComfyUI submit failed: <urlopen error [Errno 111] Connection refused>"}
[gen 2] spear: a polished steel spear, leaf-shaped blade, oak shaft bound with leathe...
[FAIL 0.2s] spear: ComfyUI workflow error: Bad Gateway - {"error": "ComfyUI submit failed: <urlopen error [Errno 111] Connection refused>"}
[gen 1] bonespear: a necromantic bone spear, bleached skull-tip blade with carved fangs, ...
[FAIL 0.1s] bonespear: ComfyUI workflow error: Bad Gateway - {"error": "ComfyUI submit failed: <urlopen error [Errno 111] Connection refused>"}
[gen 2] bonespear: a necromantic bone spear, bleached skull-tip blade with carved fangs, ...
[FAIL 0.1s] bonespear: ComfyUI workflow error: Bad Gateway - {"error": "ComfyUI submit failed: <urlopen error [Errno 111] Connection refused>"}
[gen 1] helmet: an ornate medieval great helm, polished silver steel with golden trim,...
[FAIL 0.2s] helmet: ComfyUI workflow error: Bad Gateway - {"error": "ComfyUI submit failed: <urlopen error [Errno 111] Connection refused>"}
[gen 2] helmet: an ornate medieval great helm, polished silver steel with golden trim,...
[FAIL 0.1s] helmet: ComfyUI workflow error: Bad Gateway - {"error": "ComfyUI submit failed: <urlopen error [Errno 111] Connection refused>"}
[gen 1] banner: a tall war banner, crimson cloth with golden lion sigil emblazoned on ...
[FAIL 0.1s] banner: ComfyUI workflow error: Bad Gateway - {"error": "ComfyUI submit failed: <urlopen error [Errno 111] Connection refused>"}
[gen 2] banner: a tall war banner, crimson cloth with golden lion sigil emblazoned on ...
[FAIL 0.2s] banner: ComfyUI workflow error: Bad Gateway - {"error": "ComfyUI submit failed: <urlopen error [Errno 111] Connection refused>"}
[gen 1] holy: a radiant holy sun symbol, brilliant golden eight-pointed star burstin...
[FAIL 0.1s] holy: ComfyUI workflow error: Bad Gateway - {"error": "ComfyUI submit failed: <urlopen error [Errno 111] Connection refused>"}
[gen 2] holy: a radiant holy sun symbol, brilliant golden eight-pointed star burstin...
[FAIL 0.1s] holy: ComfyUI workflow error: Bad Gateway - {"error": "ComfyUI submit failed: <urlopen error [Errno 111] Connection refused>"}
[gen 1] flame: a single roaring magical flame, swirling orange and yellow fire with w...
[FAIL 0.2s] flame: ComfyUI workflow error: Bad Gateway - {"error": "ComfyUI submit failed: <urlopen error [Errno 111] Connection refused>"}
[gen 2] flame: a single roaring magical flame, swirling orange and yellow fire with w...
[FAIL 0.1s] flame: ComfyUI workflow error: Bad Gateway - {"error": "ComfyUI submit failed: <urlopen error [Errno 111] Connection refused>"}
[gen 1] tower: a tall stone watchtower, crenellated battlements, narrow arrow slits, ...
[FAIL 0.1s] tower: ComfyUI workflow error: Bad Gateway - {"error": "ComfyUI submit failed: <urlopen error [Errno 111] Connection refused>"}
[gen 2] tower: a tall stone watchtower, crenellated battlements, narrow arrow slits, ...
[FAIL 0.2s] tower: ComfyUI workflow error: Bad Gateway - {"error": "ComfyUI submit failed: <urlopen error [Errno 111] Connection refused>"}
[gen 1] mountain: three majestic snow-capped granite mountain peaks, sharp jagged rocks,...
[FAIL 0.2s] mountain: ComfyUI workflow error: Bad Gateway - {"error": "ComfyUI submit failed: <urlopen error [Errno 111] Connection refused>"}
[gen 2] mountain: three majestic snow-capped granite mountain peaks, sharp jagged rocks,...
[FAIL 0.1s] mountain: ComfyUI workflow error: Bad Gateway - {"error": "ComfyUI submit failed: <urlopen error [Errno 111] Connection refused>"}
[gen 1] mug: an oversized dwarven beer tankard carved from oak, iron banding and ri...
[FAIL 0.1s] mug: ComfyUI workflow error: Bad Gateway - {"error": "ComfyUI submit failed: <urlopen error [Errno 111] Connection refused>"}
[gen 2] mug: an oversized dwarven beer tankard carved from oak, iron banding and ri...
[FAIL 0.2s] mug: ComfyUI workflow error: Bad Gateway - {"error": "ComfyUI submit failed: <urlopen error [Errno 111] Connection refused>"}
[gen 1] anvil: a forge anvil, heavy black iron with horn pointing left, gleaming poli...
[FAIL 0.1s] anvil: ComfyUI workflow error: Bad Gateway - {"error": "ComfyUI submit failed: <urlopen error [Errno 111] Connection refused>"}
[gen 2] anvil: a forge anvil, heavy black iron with horn pointing left, gleaming poli...
[FAIL 0.1s] anvil: ComfyUI workflow error: Bad Gateway - {"error": "ComfyUI submit failed: <urlopen error [Errno 111] Connection refused>"}
[gen 1] minecart: a wooden mine cart on iron rails, oak planks bound with iron bands, fu...
[FAIL 0.2s] minecart: ComfyUI workflow error: Bad Gateway - {"error": "ComfyUI submit failed: <urlopen error [Errno 111] Connection refused>"}
[gen 2] minecart: a wooden mine cart on iron rails, oak planks bound with iron bands, fu...
[FAIL 0.2s] minecart: ComfyUI workflow error: Bad Gateway - {"error": "ComfyUI submit failed: <urlopen error [Errno 111] Connection refused>"}
[gen 1] leaf: a single elven oak leaf, vibrant emerald green with silvery veins glow...
[FAIL 0.1s] leaf: ComfyUI workflow error: Bad Gateway - {"error": "ComfyUI submit failed: <urlopen error [Errno 111] Connection refused>"}
[gen 2] leaf: a single elven oak leaf, vibrant emerald green with silvery veins glow...
[FAIL 0.1s] leaf: ComfyUI workflow error: Bad Gateway - {"error": "ComfyUI submit failed: <urlopen error [Errno 111] Connection refused>"}
[gen 1] moon: a luminous gibbous moon, ivory white surface with grey craters and mar...
[FAIL 0.2s] moon: ComfyUI workflow error: Bad Gateway - {"error": "ComfyUI submit failed: <urlopen error [Errno 111] Connection refused>"}
[gen 2] moon: a luminous gibbous moon, ivory white surface with grey craters and mar...
[FAIL 0.1s] moon: ComfyUI workflow error: Bad Gateway - {"error": "ComfyUI submit failed: <urlopen error [Errno 111] Connection refused>"}
[gen 1] drop: a single magical water droplet, translucent blue-white with internal s...
[FAIL 0.2s] drop: ComfyUI workflow error: Bad Gateway - {"error": "ComfyUI submit failed: <urlopen error [Errno 111] Connection refused>"}
[gen 2] drop: a single magical water droplet, translucent blue-white with internal s...
[FAIL 0.2s] drop: ComfyUI workflow error: Bad Gateway - {"error": "ComfyUI submit failed: <urlopen error [Errno 111] Connection refused>"}
[gen 1] tree: an ancient pine tree, layered dark green needles, gnarled brown trunk ...
[FAIL 0.1s] tree: ComfyUI workflow error: Bad Gateway - {"error": "ComfyUI submit failed: <urlopen error [Errno 111] Connection refused>"}
[gen 2] tree: an ancient pine tree, layered dark green needles, gnarled brown trunk ...
[FAIL 0.1s] tree: ComfyUI workflow error: Bad Gateway - {"error": "ComfyUI submit failed: <urlopen error [Errno 111] Connection refused>"}
[gen 1] bone: a single weathered bone, ivory white femur with surface cracks and age...
[FAIL 0.2s] bone: ComfyUI workflow error: Bad Gateway - {"error": "ComfyUI submit failed: <urlopen error [Errno 111] Connection refused>"}
[gen 2] bone: a single weathered bone, ivory white femur with surface cracks and age...
[FAIL 0.1s] bone: ComfyUI workflow error: Bad Gateway - {"error": "ComfyUI submit failed: <urlopen error [Errno 111] Connection refused>"}
[gen 1] skull: a polished human skull, ivory bone with hollow eye sockets glowing vio...
[FAIL 0.1s] skull: ComfyUI workflow error: Bad Gateway - {"error": "ComfyUI submit failed: <urlopen error [Errno 111] Connection refused>"}
[gen 2] skull: a polished human skull, ivory bone with hollow eye sockets glowing vio...
[FAIL 0.2s] skull: ComfyUI workflow error: Bad Gateway - {"error": "ComfyUI submit failed: <urlopen error [Errno 111] Connection refused>"}
[gen 1] tomb: a weathered stone tombstone, rounded top with carved cross, moss creep...
[FAIL 0.1s] tomb: ComfyUI workflow error: Bad Gateway - {"error": "ComfyUI submit failed: <urlopen error [Errno 111] Connection refused>"}
[gen 2] tomb: a weathered stone tombstone, rounded top with carved cross, moss creep...
[FAIL 0.2s] tomb: ComfyUI workflow error: Bad Gateway - {"error": "ComfyUI submit failed: <urlopen error [Errno 111] Connection refused>"}
[gen 1] crypt: an ornate stone mausoleum, two columned pillars supporting a triangula...
[FAIL 0.2s] crypt: ComfyUI workflow error: Bad Gateway - {"error": "ComfyUI submit failed: <urlopen error [Errno 111] Connection refused>"}
[gen 2] crypt: an ornate stone mausoleum, two columned pillars supporting a triangula...
[FAIL 0.2s] crypt: ComfyUI workflow error: Bad Gateway - {"error": "ComfyUI submit failed: <urlopen error [Errno 111] Connection refused>"}
[gen 1] darkwave: a cresting wave of dark purple necromantic energy, swirling violet smo...
[FAIL 0.1s] darkwave: ComfyUI workflow error: Bad Gateway - {"error": "ComfyUI submit failed: <urlopen error [Errno 111] Connection refused>"}
[gen 2] darkwave: a cresting wave of dark purple necromantic energy, swirling violet smo...
[FAIL 0.2s] darkwave: ComfyUI workflow error: Bad Gateway - {"error": "ComfyUI submit failed: <urlopen error [Errno 111] Connection refused>"}
[gen 1] scythe: a grim reaper scythe, curved silver blade with razor edge, twisted bla...
[FAIL 0.1s] scythe: ComfyUI workflow error: Bad Gateway - {"error": "ComfyUI submit failed: <urlopen error [Errno 111] Connection refused>"}
[gen 2] scythe: a grim reaper scythe, curved silver blade with razor edge, twisted bla...
[FAIL 0.1s] scythe: ComfyUI workflow error: Bad Gateway - {"error": "ComfyUI submit failed: <urlopen error [Errno 111] Connection refused>"}

Done. ok=0 fail=27
